// Jest Snapshot v1, https://goo.gl/fbAQLP

exports[`<GithubCard component> renders GithubCard Component 1`] = `
<div
  class="githubCard card"
  data-testid="test-github-card-wrapper"
>
  <div
    class="card-body"
  >
    <a
      href=""
      rel="noopener noreferrer"
      target="_blank"
    >
      <div
        class="card-title h5"
      />
      <div
        class="mb-2 text-muted card-subtitle h6"
      >
        <p
          class="card-text"
        />
      </div>
      <p
        class="desc card-text"
      />
      <div
        class="row"
      >
        <div
          class="col"
        >
          <p
            class="card-text"
          >
            <svg
              fill="currentColor"
              height="20"
              size="20"
              stroke="currentColor"
              stroke-width="0"
              viewBox="0 0 24 24"
              width="20"
              xmlns="http://www.w3.org/2000/svg"
            >
              <g>
                <path
                  d="M0 0h24v24H0z"
                  fill="none"
                />
                <path
                  d="M12 17l-5.878 3.59 1.598-6.7-5.23-4.48 6.865-.55L12 2.5l2.645 6.36 6.866.55-5.231 4.48 1.598 6.7L12 17zm0-2.344l2.817 1.72-.766-3.21 2.507-2.147-3.29-.264L12 7.708l-1.268 3.047-3.29.264 2.507 2.147-.766 3.21L12 14.657z"
                />
              </g>
            </svg>
            0
          </p>
        </div>
        <div
          class="text-right col"
        >
          <p
            class="card-text"
          >
            <svg
              fill="currentColor"
              height="20"
              size="20"
              stroke="currentColor"
              stroke-width="0"
              viewBox="0 0 14 16"
              width="20"
              xmlns="http://www.w3.org/2000/svg"
            >
              <path
                d="M7 2.3c3.14 0 5.7 2.56 5.7 5.7s-2.56 5.7-5.7 5.7A5.71 5.71 0 0 1 1.3 8c0-3.14 2.56-5.7 5.7-5.7zM7 1C3.14 1 0 4.14 0 8s3.14 7 7 7 7-3.14 7-7-3.14-7-7-7zm1 3H6v5h2V4zm0 6H6v2h2v-2z"
                fill-rule="evenodd"
              />
            </svg>
            0
          </p>
        </div>
      </div>
    </a>
  </div>
</div>
`;
