// Jest Snapshot v1, https://goo.gl/fbAQLP

exports[`Connected Redux <LoginComponent component> renders LoginComponent Component 1`] = `
<form
  className=""
  data-testid="login-form-validation-wrapper"
  noValidate={true}
  onSubmit={[Function]}
>
  <div
    className="form-group"
  >
    <input
      className="form-control"
      id="formBasicEmail"
      onChange={[Function]}
      placeholder="Enter email"
      required={true}
      type="email"
    />
    <svg
      fill="none"
      height="1em"
      stroke="currentColor"
      strokeLinecap="round"
      strokeLinejoin="round"
      strokeWidth="2"
      style={
        Object {
          "color": undefined,
        }
      }
      viewBox="0 0 24 24"
      width="1em"
      xmlns="http://www.w3.org/2000/svg"
    >
      <path
        d="M20 21v-2a4 4 0 0 0-4-4H8a4 4 0 0 0-4 4v2"
      />
      <circle
        cx="12"
        cy="7"
        r="4"
      />
    </svg>
    <div
      className="invalid-feedback"
    >
      Please provide a valid email address.
    </div>
  </div>
  <div
    className="form-group"
  >
    <input
      className="form-control"
      id="formBasicPassword"
      onChange={[Function]}
      placeholder="Enter Password"
      required={true}
      type="password"
    />
    <svg
      fill="currentColor"
      height="1em"
      stroke="currentColor"
      strokeWidth="0"
      style={
        Object {
          "color": undefined,
        }
      }
      viewBox="0 0 24 24"
      width="1em"
      xmlns="http://www.w3.org/2000/svg"
    >
      <g>
        <path
          d="M0 0h24v24H0z"
          fill="none"
        />
        <path
          d="M18 8h2a1 1 0 0 1 1 1v12a1 1 0 0 1-1 1H4a1 1 0 0 1-1-1V9a1 1 0 0 1 1-1h2V7a6 6 0 1 1 12 0v1zM5 10v10h14V10H5zm6 4h2v2h-2v-2zm-4 0h2v2H7v-2zm8 0h2v2h-2v-2zm1-6V7a4 4 0 1 0-8 0v1h8z"
        />
      </g>
    </svg>
    <div
      className="row"
    >
      <div
        className="col"
      >
        <div
          className="invalid-feedback"
        >
          Please provide a valid password.
        </div>
      </div>
      <div
        className="text-right col"
      >
        <a
          href=""
          onClick={[Function]}
        >
          Forgot Password?
        </a>
      </div>
    </div>
  </div>
  <button
    className="btn btn-outline-primary"
    disabled={false}
    type="submit"
  >
    Login
  </button>
  <button
    className="btn btn-outline-danger"
    disabled={false}
    type="reset"
  >
    Reset
  </button>
</form>
`;
